[
  {
    "description": "This is a demo project to show how burny works. Check this out!!",
    "sprint_count": 6,
    "sprint_duration": 1,
    "title": "Demo Project",
    "total_sp": 120
  },
  {
    "description": "this is test project",
    "sprint_count": 100,
    "sprint_duration": 1,
    "title": "test project",
    "total_sp": 1000
  }
]