[
  {
    "actual_sp": 0,
    "end_date": "2100-04-07",
    "ideal_sp": 20
  },
  {
    "actual_sp": 0,
    "end_date": "2100-04-14",
    "ideal_sp": 20
  },
  {
    "actual_sp": 0,
    "end_date": "2100-04-21",
    "ideal_sp": 20
  },
  {
    "actual_sp": 0,
    "end_date": "2100-04-28",
    "ideal_sp": 20
  },
  {
    "actual_sp": 0,
    "end_date": "2100-05-05",
    "ideal_sp": 20
  },
  {
    "actual_sp": 0,
    "end_date": "2100-05-12",
    "ideal_sp": 20
  },
  {
    "actual_sp": 0,
    "end_date": "2100-05-19",
    "ideal_sp": 20
  },
  {
    "actual_sp": 0,
    "end_date": "2100-05-26",
    "ideal_sp": 20
  },
  {
    "actual_sp": 0,
    "end_date": "2100-06-02",
    "ideal_sp": 20
  },
  {
    "actual_sp": 0,
    "end_date": "2100-06-09",
    "ideal_sp": 20
  },
  {
    "actual_sp": 0,
    "end_date": "2100-06-16",
    "ideal_sp": 20
  },
  {
    "actual_sp": 0,
    "end_date": "2100-06-23",
    "ideal_sp": 20
  },
  {
    "actual_sp": 0,
    "end_date": "2100-06-30",
    "ideal_sp": 20
  },
  {
    "actual_sp": 0,
    "end_date": "2100-07-07",
    "ideal_sp": 20
  },
  {
    "actual_sp": 0,
    "end_date": "2100-07-14",
    "ideal_sp": 20
  },
  {
    "actual_sp": 0,
    "end_date": "2100-07-21",
    "ideal_sp": 20
  },
  {
    "actual_sp": 0,
    "end_date": "2100-07-28",
    "ideal_sp": 20
  },
  {
    "actual_sp": 0,
    "end_date": "2100-08-04",
    "ideal_sp": 20
  },
  {
    "actual_sp": 0,
    "end_date": "2100-08-11",
    "ideal_sp": 20
  },
  {
    "actual_sp": 0,
    "end_date": "2100-08-18",
    "ideal_sp": 20
  },
  {
    "actual_sp": 0,
    "end_date": "2100-08-25",
    "ideal_sp": 20
  },
  {
    "actual_sp": 0,
    "end_date": "2100-09-01",
    "ideal_sp": 20
  },
  {
    "actual_sp": 0,
    "end_date": "2100-09-08",
    "ideal_sp": 20
  },
  {
    "actual_sp": 0,
    "end_date": "2100-09-15",
    "ideal_sp": 20
  },
  {
    "actual_sp": 0,
    "end_date": "2100-09-22",
    "ideal_sp": 20
  },
  {
    "actual_sp": 0,
    "end_date": "2100-09-29",
    "ideal_sp": 20
  },
  {
    "actual_sp": 0,
    "end_date": "2100-10-06",
    "ideal_sp": 20
  },
  {
    "actual_sp": 0,
    "end_date": "2100-10-13",
    "ideal_sp": 20
  },
  {
    "actual_sp": 0,
    "end_date": "2100-10-20",
    "ideal_sp": 20
  },
  {
    "actual_sp": 0,
    "end_date": "2100-10-27",
    "ideal_sp": 20
  },
  {
    "actual_sp": 0,
    "end_date": "2100-11-03",
    "ideal_sp": 20
  },
  {
    "actual_sp": 0,
    "end_date": "2100-11-10",
    "ideal_sp": 20
  },
  {
    "actual_sp": 0,
    "end_date": "2100-11-17",
    "ideal_sp": 20
  },
  {
    "actual_sp": 0,
    "end_date": "2100-11-24",
    "ideal_sp": 20
  },
  {
    "actual_sp": 0,
    "end_date": "2100-12-01",
    "ideal_sp": 20
  },
  {
    "actual_sp": 0,
    "end_date": "2100-12-08",
    "ideal_sp": 20
  },
  {
    "actual_sp": 0,
    "end_date": "2100-12-15",
    "ideal_sp": 20
  },
  {
    "actual_sp": 0,
    "end_date": "2100-12-22",
    "ideal_sp": 20
  },
  {
    "actual_sp": 0,
    "end_date": "2100-12-29",
    "ideal_sp": 20
  },
  {
    "actual_sp": 0,
    "end_date": "2101-01-05",
    "ideal_sp": 20
  },
  {
    "actual_sp": 0,
    "end_date": "2101-01-12",
    "ideal_sp": 10
  },
  {
    "actual_sp": 0,
    "end_date": "2101-01-19",
    "ideal_sp": 10
  },
  {
    "actual_sp": 0,
    "end_date": "2101-01-26",
    "ideal_sp": 10
  },
  {
    "actual_sp": 0,
    "end_date": "2101-02-02",
    "ideal_sp": 10
  },
  {
    "actual_sp": 0,
    "end_date": "2101-02-09",
    "ideal_sp": 10
  },
  {
    "actual_sp": 0,
    "end_date": "2101-02-16",
    "ideal_sp": 10
  },
  {
    "actual_sp": 0,
    "end_date": "2101-02-23",
    "ideal_sp": 10
  },
  {
    "actual_sp": 0,
    "end_date": "2101-03-02",
    "ideal_sp": 10
  },
  {
    "actual_sp": 0,
    "end_date": "2101-03-09",
    "ideal_sp": 10
  },
  {
    "actual_sp": 0,
    "end_date": "2101-03-16",
    "ideal_sp": 10
  },
  {
    "actual_sp": 0,
    "end_date": "2101-03-23",
    "ideal_sp": 10
  },
  {
    "actual_sp": 0,
    "end_date": "2101-03-30",
    "ideal_sp": 10
  },
  {
    "actual_sp": 0,
    "end_date": "2101-04-06",
    "ideal_sp": 10
  },
  {
    "actual_sp": 0,
    "end_date": "2101-04-13",
    "ideal_sp": 10
  },
  {
    "actual_sp": 0,
    "end_date": "2101-04-20",
    "ideal_sp": 10
  },
  {
    "actual_sp": 0,
    "end_date": "2101-04-27",
    "ideal_sp": 10
  },
  {
    "actual_sp": 0,
    "end_date": "2101-05-04",
    "ideal_sp": 10
  },
  {
    "actual_sp": 0,
    "end_date": "2101-05-11",
    "ideal_sp": 10
  },
  {
    "actual_sp": 0,
    "end_date": "2101-05-18",
    "ideal_sp": 10
  },
  {
    "actual_sp": 0,
    "end_date": "2101-05-25",
    "ideal_sp": 10
  },
  {
    "actual_sp": 0,
    "end_date": "2101-06-01",
    "ideal_sp": 10
  },
  {
    "actual_sp": 0,
    "end_date": "2101-06-08",
    "ideal_sp": 10
  },
  {
    "actual_sp": 0,
    "end_date": "2101-06-15",
    "ideal_sp": 10
  },
  {
    "actual_sp": 0,
    "end_date": "2101-06-22",
    "ideal_sp": 10
  },
  {
    "actual_sp": 0,
    "end_date": "2101-06-29",
    "ideal_sp": 10
  },
  {
    "actual_sp": 0,
    "end_date": "2101-07-06",
    "ideal_sp": 10
  },
  {
    "actual_sp": 0,
    "end_date": "2101-07-13",
    "ideal_sp": 10
  },
  {
    "actual_sp": 0,
    "end_date": "2101-07-20",
    "ideal_sp": 10
  },
  {
    "actual_sp": 0,
    "end_date": "2101-07-27",
    "ideal_sp": 10
  },
  {
    "actual_sp": 0,
    "end_date": "2101-08-03",
    "ideal_sp": 10
  },
  {
    "actual_sp": 0,
    "end_date": "2101-08-10",
    "ideal_sp": 10
  },
  {
    "actual_sp": 0,
    "end_date": "2101-08-17",
    "ideal_sp": 10
  },
  {
    "actual_sp": 0,
    "end_date": "2101-08-24",
    "ideal_sp": 10
  },
  {
    "actual_sp": 0,
    "end_date": "2101-08-31",
    "ideal_sp": 10
  },
  {
    "actual_sp": 0,
    "end_date": "2101-09-07",
    "ideal_sp": 10
  },
  {
    "actual_sp": 0,
    "end_date": "2101-09-14",
    "ideal_sp": 10
  },
  {
    "actual_sp": 0,
    "end_date": "2101-09-21",
    "ideal_sp": 10
  },
  {
    "actual_sp": 0,
    "end_date": "2101-09-28",
    "ideal_sp": 10
  },
  {
    "actual_sp": 0,
    "end_date": "2101-10-05",
    "ideal_sp": 10
  },
  {
    "actual_sp": 0,
    "end_date": "2101-10-12",
    "ideal_sp": 10
  },
  {
    "actual_sp": 0,
    "end_date": "2101-10-19",
    "ideal_sp": 10
  },
  {
    "actual_sp": 0,
    "end_date": "2101-10-26",
    "ideal_sp": 10
  },
  {
    "actual_sp": 0,
    "end_date": "2101-11-02",
    "ideal_sp": 10
  },
  {
    "actual_sp": 0,
    "end_date": "2101-11-09",
    "ideal_sp": 10
  },
  {
    "actual_sp": 0,
    "end_date": "2101-11-16",
    "ideal_sp": 10
  },
  {
    "actual_sp": 0,
    "end_date": "2101-11-23",
    "ideal_sp": 10
  },
  {
    "actual_sp": 0,
    "end_date": "2101-11-30",
    "ideal_sp": 10
  },
  {
    "actual_sp": 0,
    "end_date": "2101-12-07",
    "ideal_sp": 10
  },
  {
    "actual_sp": 0,
    "end_date": "2101-12-14",
    "ideal_sp": 10
  },
  {
    "actual_sp": 0,
    "end_date": "2101-12-21",
    "ideal_sp": 10
  },
  {
    "actual_sp": 0,
    "end_date": "2101-12-28",
    "ideal_sp": 10
  },
  {
    "actual_sp": 0,
    "end_date": "2102-01-04",
    "ideal_sp": 10
  },
  {
    "actual_sp": 0,
    "end_date": "2102-01-11",
    "ideal_sp": 10
  },
  {
    "actual_sp": 0,
    "end_date": "2102-01-18",
    "ideal_sp": 10
  },
  {
    "actual_sp": 0,
    "end_date": "2102-01-25",
    "ideal_sp": 10
  },
  {
    "actual_sp": 0,
    "end_date": "2102-02-01",
    "ideal_sp": 10
  },
  {
    "actual_sp": 0,
    "end_date": "2102-02-08",
    "ideal_sp": 10
  },
  {
    "actual_sp": 0,
    "end_date": "2102-02-15",
    "ideal_sp": 10
  },
  {
    "actual_sp": 0,
    "end_date": "2102-02-22",
    "ideal_sp": 10
  },
  {
    "actual_sp": 0,
    "end_date": "2102-03-01",
    "ideal_sp": 10
  }
]